// Jest Snapshot v1, https://goo.gl/fbAQLP

exports[`Switcher component renders Switcher 1`] = `
<section
  className="Switcher"
>
  Main 
  <input
    checked={true}
    id="switcher"
    onChange={[Function]}
    type="checkbox"
  />
   Monster
  <label
    htmlFor="switcher"
  />
</section>
`;
